<html>
<body>
<pre>
<h1>礦ision Build Log</h1>
<h2>Tool Versions:</h2>
IDE-Version: μVision V5.23.0.0
Copyright (C) 2017 ARM Ltd and ARM Germany GmbH. All rights reserved.
License Information: w u, uuuuuuuuuuuuuuuuuuuuuu, LIC=QF82M-XDCLF-QDLKD-89IS1-MF38I-BWI5J
 
Tool Versions:
Toolchain:       MDK-ARM Plus  Version: 5.23
Toolchain Path:  C:\Keil_v5\ARM\ARMCC\Bin
C Compiler:      Armcc.exe V5.06 update 4 (build 422)
Assembler:       Armasm.exe V5.06 update 4 (build 422)
Linker/Locator:  ArmLink.exe V5.06 update 4 (build 422)
Library Manager: ArmAr.exe V5.06 update 4 (build 422)
Hex Converter:   FromElf.exe V5.06 update 4 (build 422)
CPU DLL:         SARMCM3.DLL V5.23
Dialog DLL:      DCM.DLL V1.15.0.0
Target DLL:      Segger\JL2CM3.dll V2.99.23.0
Dialog DLL:      TCM.DLL V1.27.0.0
 
<h2>Project:</h2>
C:\Users\rubo\Desktop\微动矩阵形键盘(4x4)驱动程序forSTM32\电子锁\USER\LCD.uvproj
Project File Date:  01/26/2021

<h2>Output:</h2>
*** Using Compiler 'V5.06 update 4 (build 422)', folder: 'C:\Keil_v5\ARM\ARMCC\Bin'
Rebuild target 'LCD'
assembling startup_stm32f40_41xxx.s...
compiling stm32f4xx_syscfg.c...
compiling stm32f4xx_it.c...
compiling sys.c...
compiling system_stm32f4xx.c...
compiling usart.c...
compiling misc.c...
compiling key.c...
compiling stm32f4xx_usart.c...
compiling led.c...
compiling delay.c...
compiling stm32f4xx_fsmc.c...
compiling stm32f4xx_gpio.c...
compiling main.c...
main.c(39): warning:  #167-D: argument of type "char *" is incompatible with parameter of type "u8 *"
          LCD_ShowString(145,90,200,16,16,str1);
main.c(41): warning:  #167-D: argument of type "char *" is incompatible with parameter of type "u8 *"
          LCD_ShowString(145,110,200,16,16,str2);
main.c(64): warning:  #167-D: argument of type "char *" is incompatible with parameter of type "u8 *"
          LCD_ShowString(145,100,250,16,16,str3);
main.c: 3 warnings, 0 errors
compiling stm32f4xx_rcc.c...
compiling lcd.c...
compiling stm32f4xx_tim.c...
linking...
Program Size: Code=31726 RO-data=6574 RW-data=64 ZI-data=1888  
FromELF: creating hex file...
"..\OBJ\caculator.axf" - 0 Error(s), 3 Warning(s).
Build Time Elapsed:  00:00:02
</pre>
</body>
</html>
